2025-07-13 17:41:47 [main] INFO  com.chuwa.redbook.RedbookApplication - Starting RedbookApplication using Java 24.0.1 on Mac with PID 66931 (/Users/marticztn/Desktop/chuwa/Chuwa20250609/Coding/springboot-redbook-de3a776cf354742730d301c063bd42b38f165744/target/classes started by marticztn in /Users/marticztn/Desktop/chuwa/Chuwa20250609/Coding/springboot-redbook-de3a776cf354742730d301c063bd42b38f165744)
2025-07-13 17:41:47 [main] DEBUG com.chuwa.redbook.RedbookApplication - Running with Spring Boot v2.7.3, Spring v5.3.22
2025-07-13 17:41:47 [main] INFO  com.chuwa.redbook.RedbookApplication - No active profile set, falling back to 1 default profile: "default"
2025-07-13 17:41:47 [main] INFO  o.s.d.r.c.RepositoryConfigurationDelegate - Bootstrapping Spring Data JPA repositories in DEFAULT mode.
2025-07-13 17:41:47 [main] INFO  o.s.d.r.c.RepositoryConfigurationDelegate - Finished Spring Data repository scanning in 11 ms. Found 2 JPA repository interfaces.
2025-07-13 17:41:47 [main] INFO  o.s.b.w.e.tomcat.TomcatWebServer - Tomcat initialized with port(s): 8080 (http)
2025-07-13 17:41:47 [main] INFO  o.a.catalina.core.StandardService - Starting service [Tomcat]
2025-07-13 17:41:47 [main] INFO  o.a.catalina.core.StandardEngine - Starting Servlet engine: [Apache Tomcat/9.0.65]
2025-07-13 17:41:47 [main] INFO  o.a.c.c.C.[Tomcat].[localhost].[/] - Initializing Spring embedded WebApplicationContext
2025-07-13 17:41:47 [main] INFO  o.s.b.w.s.c.ServletWebServerApplicationContext - Root WebApplicationContext: initialization completed in 340 ms
2025-07-13 17:41:47 [main] INFO  com.zaxxer.hikari.HikariDataSource - HikariPool-1 - Starting...
2025-07-13 17:41:47 [main] INFO  com.zaxxer.hikari.HikariDataSource - HikariPool-1 - Start completed.
2025-07-13 17:41:47 [main] INFO  o.s.b.a.h.H2ConsoleAutoConfiguration - H2 console available at '/h2-console'. Database available at 'jdbc:h2:mem:testdb'
2025-07-13 17:41:47 [main] INFO  o.h.jpa.internal.util.LogHelper - HHH000204: Processing PersistenceUnitInfo [name: default]
2025-07-13 17:41:47 [main] INFO  org.hibernate.Version - HHH000412: Hibernate ORM core version 5.6.10.Final
2025-07-13 17:41:47 [main] INFO  o.h.annotations.common.Version - HCANN000001: Hibernate Commons Annotations {5.1.2.Final}
2025-07-13 17:41:47 [main] INFO  org.hibernate.dialect.Dialect - HHH000400: Using dialect: org.hibernate.dialect.H2Dialect
2025-07-13 17:41:48 [main] DEBUG org.hibernate.SQL - drop table if exists comments CASCADE 
2025-07-13 17:41:48 [main] DEBUG org.hibernate.SQL - drop table if exists posts CASCADE 
2025-07-13 17:41:48 [main] DEBUG org.hibernate.SQL - create table comments (id bigint generated by default as identity, body varchar(255), create_date_time timestamp, email varchar(255), name varchar(255), update_date_time timestamp, post_id bigint not null, primary key (id))
2025-07-13 17:41:48 [main] DEBUG org.hibernate.SQL - create table posts (id bigint generated by default as identity, content varchar(255) not null, create_date_time timestamp, description varchar(255) not null, title varchar(255) not null, update_date_time timestamp, primary key (id))
2025-07-13 17:41:48 [main] DEBUG org.hibernate.SQL - alter table posts add constraint UKmchce1gm7f6otpphxd6ixsdps unique (title)
2025-07-13 17:41:48 [main] DEBUG org.hibernate.SQL - alter table comments add constraint FKh4c7lvsc298whoyd4w9ta25cr foreign key (post_id) references posts
2025-07-13 17:41:48 [main] INFO  o.h.e.t.j.p.i.JtaPlatformInitiator - HHH000490: Using JtaPlatform implementation: [org.hibernate.engine.transaction.jta.platform.internal.NoJtaPlatform]
2025-07-13 17:41:48 [main] INFO  o.s.o.j.LocalContainerEntityManagerFactoryBean - Initialized JPA EntityManagerFactory for persistence unit 'default'
2025-07-13 17:41:48 [main] WARN  o.s.b.a.o.j.JpaBaseConfiguration$JpaWebConfiguration - spring.jpa.open-in-view is enabled by default. Therefore, database queries may be performed during view rendering. Explicitly configure spring.jpa.open-in-view to disable this warning
2025-07-13 17:41:48 [main] INFO  o.s.b.w.e.tomcat.TomcatWebServer - Tomcat started on port(s): 8080 (http) with context path ''
2025-07-13 17:41:48 [main] INFO  com.chuwa.redbook.RedbookApplication - Started RedbookApplication in 1.017 seconds (JVM running for 1.112)
2025-07-13 17:42:34 [http-nio-8080-exec-1] INFO  o.a.c.c.C.[Tomcat].[localhost].[/] - Initializing Spring DispatcherServlet 'dispatcherServlet'
2025-07-13 17:42:34 [http-nio-8080-exec-1] INFO  o.s.web.servlet.DispatcherServlet - Initializing Servlet 'dispatcherServlet'
2025-07-13 17:42:34 [http-nio-8080-exec-1] INFO  o.s.web.servlet.DispatcherServlet - Completed initialization in 1 ms
2025-07-13 17:42:34 [http-nio-8080-exec-1] INFO  c.c.r.controller.PostController - Creating new post with title: Logging Test Post
2025-07-13 17:42:34 [http-nio-8080-exec-1] INFO  c.c.r.service.impl.PostServiceImpl - Service: Creating post with title: Logging Test Post
2025-07-13 17:42:34 [http-nio-8080-exec-1] DEBUG c.c.r.service.impl.PostServiceImpl - Validating post fields for title: Logging Test Post
2025-07-13 17:42:34 [http-nio-8080-exec-1] DEBUG c.c.r.service.impl.PostServiceImpl - Validation completed successfully for post: Logging Test Post
2025-07-13 17:42:34 [http-nio-8080-exec-1] DEBUG c.c.r.service.impl.PostServiceImpl - Mapped DTO to entity for post: Logging Test Post
2025-07-13 17:42:34 [http-nio-8080-exec-1] DEBUG org.hibernate.SQL - insert into posts (id, content, create_date_time, description, title, update_date_time) values (default, ?, ?, ?, ?, ?)
2025-07-13 17:42:34 [http-nio-8080-exec-1] TRACE o.h.type.descriptor.sql.BasicBinder - binding parameter [1] as [VARCHAR] - [This is the content of our test post to verify that all logging statements are working correctly with different log levels.]
2025-07-13 17:42:34 [http-nio-8080-exec-1] TRACE o.h.type.descriptor.sql.BasicBinder - binding parameter [2] as [TIMESTAMP] - [2025-07-13T17:42:34.953281]
2025-07-13 17:42:34 [http-nio-8080-exec-1] TRACE o.h.type.descriptor.sql.BasicBinder - binding parameter [3] as [VARCHAR] - [This post is created to test our logging functionality with proper levels.]
2025-07-13 17:42:34 [http-nio-8080-exec-1] TRACE o.h.type.descriptor.sql.BasicBinder - binding parameter [4] as [VARCHAR] - [Logging Test Post]
2025-07-13 17:42:34 [http-nio-8080-exec-1] TRACE o.h.type.descriptor.sql.BasicBinder - binding parameter [5] as [TIMESTAMP] - [2025-07-13T17:42:34.953314]
2025-07-13 17:42:34 [http-nio-8080-exec-1] INFO  c.c.r.service.impl.PostServiceImpl - Successfully saved post to database with ID: 1
2025-07-13 17:42:34 [http-nio-8080-exec-1] DEBUG c.c.r.service.impl.PostServiceImpl - Mapped entity back to DTO for post ID: 1
2025-07-13 17:42:34 [http-nio-8080-exec-1] INFO  c.c.r.controller.PostController - Successfully created post with ID: 1
2025-07-13 17:42:44 [http-nio-8080-exec-2] INFO  c.c.r.controller.PostController - Creating new post with title: ab
2025-07-13 17:42:44 [http-nio-8080-exec-2] INFO  c.c.r.service.impl.PostServiceImpl - Service: Creating post with title: ab
2025-07-13 17:42:44 [http-nio-8080-exec-2] DEBUG c.c.r.service.impl.PostServiceImpl - Validating post fields for title: ab
2025-07-13 17:42:44 [http-nio-8080-exec-2] ERROR c.c.r.controller.PostController - Error creating post: Title must be 3-100 characters, alphanumeric with basic punctuation
com.chuwa.redbook.exception.ValidationException: Title must be 3-100 characters, alphanumeric with basic punctuation
	at com.chuwa.redbook.service.impl.PostServiceImpl.validatePostTitle(PostServiceImpl.java:147)
	at com.chuwa.redbook.service.impl.PostServiceImpl.createPost(PostServiceImpl.java:45)
	at com.chuwa.redbook.controller.PostController.createPost(PostController.java:33)
	at java.base/jdk.internal.reflect.DirectMethodHandleAccessor.invoke(DirectMethodHandleAccessor.java:104)
	at java.base/java.lang.reflect.Method.invoke(Method.java:565)
	at org.springframework.web.method.support.InvocableHandlerMethod.doInvoke(InvocableHandlerMethod.java:205)
	at org.springframework.web.method.support.InvocableHandlerMethod.invokeForRequest(InvocableHandlerMethod.java:150)
	at org.springframework.web.servlet.mvc.method.annotation.ServletInvocableHandlerMethod.invokeAndHandle(ServletInvocableHandlerMethod.java:117)
	at org.springframework.web.servlet.mvc.method.annotation.RequestMappingHandlerAdapter.invokeHandlerMethod(RequestMappingHandlerAdapter.java:895)
	at org.springframework.web.servlet.mvc.method.annotation.RequestMappingHandlerAdapter.handleInternal(RequestMappingHandlerAdapter.java:808)
	at org.springframework.web.servlet.mvc.method.AbstractHandlerMethodAdapter.handle(AbstractHandlerMethodAdapter.java:87)
	at org.springframework.web.servlet.DispatcherServlet.doDispatch(DispatcherServlet.java:1070)
	at org.springframework.web.servlet.DispatcherServlet.doService(DispatcherServlet.java:963)
	at org.springframework.web.servlet.FrameworkServlet.processRequest(FrameworkServlet.java:1006)
	at org.springframework.web.servlet.FrameworkServlet.doPost(FrameworkServlet.java:909)
	at javax.servlet.http.HttpServlet.service(HttpServlet.java:681)
	at org.springframework.web.servlet.FrameworkServlet.service(FrameworkServlet.java:883)
	at javax.servlet.http.HttpServlet.service(HttpServlet.java:764)
	at org.apache.catalina.core.ApplicationFilterChain.internalDoFilter(ApplicationFilterChain.java:227)
	at org.apache.catalina.core.ApplicationFilterChain.doFilter(ApplicationFilterChain.java:162)
	at org.apache.tomcat.websocket.server.WsFilter.doFilter(WsFilter.java:53)
	at org.apache.catalina.core.ApplicationFilterChain.internalDoFilter(ApplicationFilterChain.java:189)
	at org.apache.catalina.core.ApplicationFilterChain.doFilter(ApplicationFilterChain.java:162)
	at org.springframework.web.filter.RequestContextFilter.doFilterInternal(RequestContextFilter.java:100)
	at org.springframework.web.filter.OncePerRequestFilter.doFilter(OncePerRequestFilter.java:117)
	at org.apache.catalina.core.ApplicationFilterChain.internalDoFilter(ApplicationFilterChain.java:189)
	at org.apache.catalina.core.ApplicationFilterChain.doFilter(ApplicationFilterChain.java:162)
	at org.springframework.web.filter.FormContentFilter.doFilterInternal(FormContentFilter.java:93)
	at org.springframework.web.filter.OncePerRequestFilter.doFilter(OncePerRequestFilter.java:117)
	at org.apache.catalina.core.ApplicationFilterChain.internalDoFilter(ApplicationFilterChain.java:189)
	at org.apache.catalina.core.ApplicationFilterChain.doFilter(ApplicationFilterChain.java:162)
	at org.springframework.web.filter.CharacterEncodingFilter.doFilterInternal(CharacterEncodingFilter.java:201)
	at org.springframework.web.filter.OncePerRequestFilter.doFilter(OncePerRequestFilter.java:117)
	at org.apache.catalina.core.ApplicationFilterChain.internalDoFilter(ApplicationFilterChain.java:189)
	at org.apache.catalina.core.ApplicationFilterChain.doFilter(ApplicationFilterChain.java:162)
	at org.apache.catalina.core.StandardWrapperValve.invoke(StandardWrapperValve.java:197)
	at org.apache.catalina.core.StandardContextValve.invoke(StandardContextValve.java:97)
	at org.apache.catalina.authenticator.AuthenticatorBase.invoke(AuthenticatorBase.java:541)
	at org.apache.catalina.core.StandardHostValve.invoke(StandardHostValve.java:135)
	at org.apache.catalina.valves.ErrorReportValve.invoke(ErrorReportValve.java:92)
	at org.apache.catalina.core.StandardEngineValve.invoke(StandardEngineValve.java:78)
	at org.apache.catalina.connector.CoyoteAdapter.service(CoyoteAdapter.java:360)
	at org.apache.coyote.http11.Http11Processor.service(Http11Processor.java:399)
	at org.apache.coyote.AbstractProcessorLight.process(AbstractProcessorLight.java:65)
	at org.apache.coyote.AbstractProtocol$ConnectionHandler.process(AbstractProtocol.java:890)
	at org.apache.tomcat.util.net.NioEndpoint$SocketProcessor.doRun(NioEndpoint.java:1789)
	at org.apache.tomcat.util.net.SocketProcessorBase.run(SocketProcessorBase.java:49)
	at org.apache.tomcat.util.threads.ThreadPoolExecutor.runWorker(ThreadPoolExecutor.java:1191)
	at org.apache.tomcat.util.threads.ThreadPoolExecutor$Worker.run(ThreadPoolExecutor.java:659)
	at org.apache.tomcat.util.threads.TaskThread$WrappingRunnable.run(TaskThread.java:61)
	at java.base/java.lang.Thread.run(Thread.java:1447)
2025-07-13 17:42:44 [http-nio-8080-exec-2] WARN  c.c.r.e.GlobalExceptionHandler - Validation error occurred: Title must be 3-100 characters, alphanumeric with basic punctuation
2025-07-13 17:43:23 [main] INFO  c.c.redbook.RedbookApplicationTests - Starting RedbookApplicationTests using Java 24.0.1 on Mac with PID 68546 (started by marticztn in /Users/marticztn/Desktop/chuwa/Chuwa20250609/Coding/springboot-redbook-de3a776cf354742730d301c063bd42b38f165744)
2025-07-13 17:43:23 [main] DEBUG c.c.redbook.RedbookApplicationTests - Running with Spring Boot v2.7.3, Spring v5.3.22
2025-07-13 17:43:23 [main] INFO  c.c.redbook.RedbookApplicationTests - No active profile set, falling back to 1 default profile: "default"
2025-07-13 17:43:23 [main] INFO  o.s.d.r.c.RepositoryConfigurationDelegate - Bootstrapping Spring Data JPA repositories in DEFAULT mode.
2025-07-13 17:43:23 [main] INFO  o.s.d.r.c.RepositoryConfigurationDelegate - Finished Spring Data repository scanning in 14 ms. Found 2 JPA repository interfaces.
2025-07-13 17:43:23 [main] INFO  o.h.jpa.internal.util.LogHelper - HHH000204: Processing PersistenceUnitInfo [name: default]
2025-07-13 17:43:23 [main] INFO  org.hibernate.Version - HHH000412: Hibernate ORM core version 5.6.10.Final
2025-07-13 17:43:24 [main] INFO  o.h.annotations.common.Version - HCANN000001: Hibernate Commons Annotations {5.1.2.Final}
2025-07-13 17:43:24 [main] INFO  com.zaxxer.hikari.HikariDataSource - HikariPool-1 - Starting...
2025-07-13 17:43:24 [main] INFO  com.zaxxer.hikari.HikariDataSource - HikariPool-1 - Start completed.
2025-07-13 17:43:24 [main] INFO  org.hibernate.dialect.Dialect - HHH000400: Using dialect: org.hibernate.dialect.H2Dialect
2025-07-13 17:43:24 [main] DEBUG org.hibernate.SQL - drop table if exists comments CASCADE 
2025-07-13 17:43:24 [main] DEBUG org.hibernate.SQL - drop table if exists posts CASCADE 
2025-07-13 17:43:24 [main] DEBUG org.hibernate.SQL - create table comments (id bigint generated by default as identity, body varchar(255), create_date_time timestamp, email varchar(255), name varchar(255), update_date_time timestamp, post_id bigint not null, primary key (id))
2025-07-13 17:43:24 [main] DEBUG org.hibernate.SQL - create table posts (id bigint generated by default as identity, content varchar(255) not null, create_date_time timestamp, description varchar(255) not null, title varchar(255) not null, update_date_time timestamp, primary key (id))
2025-07-13 17:43:24 [main] DEBUG org.hibernate.SQL - alter table posts add constraint UKmchce1gm7f6otpphxd6ixsdps unique (title)
2025-07-13 17:43:24 [main] DEBUG org.hibernate.SQL - alter table comments add constraint FKh4c7lvsc298whoyd4w9ta25cr foreign key (post_id) references posts
2025-07-13 17:43:24 [main] INFO  o.h.e.t.j.p.i.JtaPlatformInitiator - HHH000490: Using JtaPlatform implementation: [org.hibernate.engine.transaction.jta.platform.internal.NoJtaPlatform]
2025-07-13 17:43:24 [main] INFO  o.s.o.j.LocalContainerEntityManagerFactoryBean - Initialized JPA EntityManagerFactory for persistence unit 'default'
2025-07-13 17:43:24 [main] WARN  o.s.b.a.o.j.JpaBaseConfiguration$JpaWebConfiguration - spring.jpa.open-in-view is enabled by default. Therefore, database queries may be performed during view rendering. Explicitly configure spring.jpa.open-in-view to disable this warning
2025-07-13 17:43:24 [main] INFO  o.s.b.a.h.H2ConsoleAutoConfiguration - H2 console available at '/h2-console'. Database available at 'jdbc:h2:mem:testdb'
2025-07-13 17:43:24 [main] INFO  c.c.redbook.RedbookApplicationTests - Started RedbookApplicationTests in 1.174 seconds (JVM running for 1.438)
2025-07-13 17:43:24 [SpringApplicationShutdownHook] INFO  o.s.o.j.LocalContainerEntityManagerFactoryBean - Closing JPA EntityManagerFactory for persistence unit 'default'
2025-07-13 17:43:24 [SpringApplicationShutdownHook] INFO  o.h.t.s.i.SchemaDropperImpl$DelayedDropActionImpl - HHH000477: Starting delayed evictData of schema as part of SessionFactory shut-down'
2025-07-13 17:43:24 [SpringApplicationShutdownHook] DEBUG org.hibernate.SQL - drop table if exists comments CASCADE 
2025-07-13 17:43:24 [SpringApplicationShutdownHook] WARN  o.h.e.jdbc.spi.SqlExceptionHelper - SQL Error: 90121, SQLState: 90121
2025-07-13 17:43:24 [SpringApplicationShutdownHook] ERROR o.h.e.jdbc.spi.SqlExceptionHelper - Database is already closed (to disable automatic closing at VM shutdown, add ";DB_CLOSE_ON_EXIT=FALSE" to the db URL) [90121-214]
2025-07-13 17:43:24 [SpringApplicationShutdownHook] WARN  o.h.e.jdbc.spi.SqlExceptionHelper - SQL Error: 90121, SQLState: 90121
2025-07-13 17:43:24 [SpringApplicationShutdownHook] ERROR o.h.e.jdbc.spi.SqlExceptionHelper - Database is already closed (to disable automatic closing at VM shutdown, add ";DB_CLOSE_ON_EXIT=FALSE" to the db URL) [90121-214]
2025-07-13 17:43:24 [SpringApplicationShutdownHook] WARN  o.s.b.f.s.DisposableBeanAdapter - Invocation of destroy method failed on bean with name 'entityManagerFactory': org.hibernate.exception.JDBCConnectionException: Unable to release JDBC Connection used for DDL execution
2025-07-13 17:43:24 [SpringApplicationShutdownHook] INFO  com.zaxxer.hikari.HikariDataSource - HikariPool-1 - Shutdown initiated...
2025-07-13 17:43:24 [SpringApplicationShutdownHook] INFO  com.zaxxer.hikari.HikariDataSource - HikariPool-1 - Shutdown completed.
2025-07-13 17:45:55 [main] INFO  com.chuwa.redbook.RedbookApplication - Starting RedbookApplication using Java 24.0.1 on Mac with PID 69657 (/Users/marticztn/Desktop/chuwa/Chuwa20250609/Coding/springboot-redbook-de3a776cf354742730d301c063bd42b38f165744/target/classes started by marticztn in /Users/marticztn/Desktop/chuwa/Chuwa20250609/Coding/springboot-redbook-de3a776cf354742730d301c063bd42b38f165744)
2025-07-13 17:45:55 [main] DEBUG com.chuwa.redbook.RedbookApplication - Running with Spring Boot v2.7.3, Spring v5.3.22
2025-07-13 17:45:55 [main] INFO  com.chuwa.redbook.RedbookApplication - No active profile set, falling back to 1 default profile: "default"
2025-07-13 17:45:55 [main] INFO  o.s.d.r.c.RepositoryConfigurationDelegate - Bootstrapping Spring Data JPA repositories in DEFAULT mode.
2025-07-13 17:45:55 [main] INFO  o.s.d.r.c.RepositoryConfigurationDelegate - Finished Spring Data repository scanning in 15 ms. Found 2 JPA repository interfaces.
2025-07-13 17:45:55 [main] INFO  o.s.b.w.e.tomcat.TomcatWebServer - Tomcat initialized with port(s): 8080 (http)
2025-07-13 17:45:55 [main] INFO  o.a.catalina.core.StandardService - Starting service [Tomcat]
2025-07-13 17:45:55 [main] INFO  o.a.catalina.core.StandardEngine - Starting Servlet engine: [Apache Tomcat/9.0.65]
2025-07-13 17:45:55 [main] INFO  o.a.c.c.C.[Tomcat].[localhost].[/] - Initializing Spring embedded WebApplicationContext
2025-07-13 17:45:55 [main] INFO  o.s.b.w.s.c.ServletWebServerApplicationContext - Root WebApplicationContext: initialization completed in 358 ms
2025-07-13 17:45:55 [main] INFO  com.zaxxer.hikari.HikariDataSource - HikariPool-1 - Starting...
2025-07-13 17:45:55 [main] INFO  com.zaxxer.hikari.HikariDataSource - HikariPool-1 - Start completed.
2025-07-13 17:45:55 [main] INFO  o.s.b.a.h.H2ConsoleAutoConfiguration - H2 console available at '/h2-console'. Database available at 'jdbc:h2:mem:testdb'
2025-07-13 17:45:55 [main] INFO  o.h.jpa.internal.util.LogHelper - HHH000204: Processing PersistenceUnitInfo [name: default]
2025-07-13 17:45:55 [main] INFO  org.hibernate.Version - HHH000412: Hibernate ORM core version 5.6.10.Final
2025-07-13 17:45:55 [main] INFO  o.h.annotations.common.Version - HCANN000001: Hibernate Commons Annotations {5.1.2.Final}
2025-07-13 17:45:55 [main] INFO  org.hibernate.dialect.Dialect - HHH000400: Using dialect: org.hibernate.dialect.H2Dialect
2025-07-13 17:45:55 [main] DEBUG org.hibernate.SQL - drop table if exists comments CASCADE 
2025-07-13 17:45:55 [main] DEBUG org.hibernate.SQL - drop table if exists posts CASCADE 
2025-07-13 17:45:55 [main] DEBUG org.hibernate.SQL - create table comments (id bigint generated by default as identity, body varchar(255), create_date_time timestamp, email varchar(255), name varchar(255), update_date_time timestamp, post_id bigint not null, primary key (id))
2025-07-13 17:45:55 [main] DEBUG org.hibernate.SQL - create table posts (id bigint generated by default as identity, content varchar(255) not null, create_date_time timestamp, description varchar(255) not null, title varchar(255) not null, update_date_time timestamp, primary key (id))
2025-07-13 17:45:55 [main] DEBUG org.hibernate.SQL - alter table posts add constraint UKmchce1gm7f6otpphxd6ixsdps unique (title)
2025-07-13 17:45:55 [main] DEBUG org.hibernate.SQL - alter table comments add constraint FKh4c7lvsc298whoyd4w9ta25cr foreign key (post_id) references posts
2025-07-13 17:45:55 [main] INFO  o.h.e.t.j.p.i.JtaPlatformInitiator - HHH000490: Using JtaPlatform implementation: [org.hibernate.engine.transaction.jta.platform.internal.NoJtaPlatform]
2025-07-13 17:45:55 [main] INFO  o.s.o.j.LocalContainerEntityManagerFactoryBean - Initialized JPA EntityManagerFactory for persistence unit 'default'
2025-07-13 17:45:55 [main] WARN  o.s.b.a.o.j.JpaBaseConfiguration$JpaWebConfiguration - spring.jpa.open-in-view is enabled by default. Therefore, database queries may be performed during view rendering. Explicitly configure spring.jpa.open-in-view to disable this warning
2025-07-13 17:45:56 [main] WARN  o.s.b.w.s.c.AnnotationConfigServletWebServerApplicationContext - Exception encountered during context initialization - cancelling refresh attempt: org.springframework.context.ApplicationContextException: Failed to start bean 'webServerStartStop'; nested exception is org.springframework.boot.web.server.PortInUseException: Port 8080 is already in use
2025-07-13 17:45:56 [main] INFO  o.s.o.j.LocalContainerEntityManagerFactoryBean - Closing JPA EntityManagerFactory for persistence unit 'default'
2025-07-13 17:45:56 [main] INFO  o.h.t.s.i.SchemaDropperImpl$DelayedDropActionImpl - HHH000477: Starting delayed evictData of schema as part of SessionFactory shut-down'
2025-07-13 17:45:56 [main] DEBUG org.hibernate.SQL - drop table if exists comments CASCADE 
2025-07-13 17:45:56 [main] DEBUG org.hibernate.SQL - drop table if exists posts CASCADE 
2025-07-13 17:45:56 [main] INFO  com.zaxxer.hikari.HikariDataSource - HikariPool-1 - Shutdown initiated...
2025-07-13 17:45:56 [main] INFO  com.zaxxer.hikari.HikariDataSource - HikariPool-1 - Shutdown completed.
2025-07-13 17:45:56 [main] INFO  o.a.catalina.core.StandardService - Stopping service [Tomcat]
2025-07-13 17:45:56 [main] INFO  o.s.b.a.l.ConditionEvaluationReportLoggingListener - 

Error starting ApplicationContext. To display the conditions report re-run your application with 'debug' enabled.
2025-07-13 17:45:56 [main] ERROR o.s.b.d.LoggingFailureAnalysisReporter - 

***************************
APPLICATION FAILED TO START
***************************

Description:

Web server failed to start. Port 8080 was already in use.

Action:

Identify and stop the process that's listening on port 8080 or configure this application to listen on another port.

